[2026-02-02 14:26:52] 🚀 Market Prediction Bot started
[2026-02-02 14:26:53] Symbol: BTC-USD, Bias: Bearish, Confidence: 25%
[2026-02-02 14:26:53] 🔕 Confidence below threshold (25% < 70%), no alert sent
[2026-02-02 14:26:53] ⏳ Sleeping for 15 minutes...

[2026-02-02 14:41:54] Symbol: BTC-USD, Bias: Neutral, Confidence: 55%
[2026-02-02 14:41:54] 🔕 Confidence below threshold (55% < 70%), no alert sent
[2026-02-02 14:41:54] ⏳ Sleeping for 15 minutes...

[2026-02-02 14:44:15] 🚀 Market Prediction Bot started
[2026-02-02 14:44:17] Symbol: BTC-USD, Bias: Neutral, Confidence: 55%
[2026-02-02 14:44:17] 🔕 Confidence below threshold (55% < 70%), no alert sent
[2026-02-02 14:44:17] ⏳ Sleeping for 5 minutes...

[2026-02-02 14:49:18] Symbol: BTC-USD, Bias: Bearish, Confidence: 25%
[2026-02-02 14:49:18] 🔕 Confidence below threshold (25% < 70%), no alert sent
[2026-02-02 14:49:18] ⏳ Sleeping for 5 minutes...

[2026-02-02 14:54:19] Symbol: BTC-USD, Bias: Bearish, Confidence: 30%
[2026-02-02 14:54:19] 🔕 Confidence below threshold (30% < 70%), no alert sent
[2026-02-02 14:54:19] ⏳ Sleeping for 5 minutes...

[2026-02-02 14:59:20] Symbol: BTC-USD, Bias: Bearish, Confidence: 20%
[2026-02-02 14:59:20] 🔕 Confidence below threshold (20% < 70%), no alert sent
[2026-02-02 14:59:20] ⏳ Sleeping for 5 minutes...

[2026-02-02 15:04:21] Symbol: BTC-USD, Bias: Bearish, Confidence: 0%
[2026-02-02 15:04:21] 🔕 Confidence below threshold (0% < 70%), no alert sent
[2026-02-02 15:04:21] ⏳ Sleeping for 5 minutes...

[2026-02-02 15:24:56] 🚀 Market Prediction Bot started
[2026-02-02 15:24:57] Symbol: BTC-USD, Bias: Bearish, Confidence: 0%
[2026-02-02 15:24:57] 🔕 Confidence below threshold (0% < 70%), no alert sent
[2026-02-02 15:24:57] ⏳ Sleeping for 5 minutes...

[2026-02-02 15:29:59] Symbol: BTC-USD, Bias: Bearish, Confidence: 0%
[2026-02-02 15:29:59] 🔕 Confidence below threshold (0% < 70%), no alert sent
[2026-02-02 15:29:59] ⏳ Sleeping for 5 minutes...

